Copyright 1986-2022 Xilinx, Inc. All Rights Reserved. Copyright 2022-2024 Advanced Micro Devices, Inc. All Rights Reserved.
---------------------------------------------------------------------------------------------------------------------------------------------
| Tool Version : Vivado v.2024.2 (lin64) Build 5239630 Fri Nov 08 22:34:34 MST 2024
| Date         : Mon May 18 16:10:16 2026
| Host         : user18-H410M-HD3P running 64-bit Ubuntu 24.04.4 LTS
| Command      : report_control_sets -verbose -file design_1_wrapper_control_sets_placed.rpt
| Design       : design_1_wrapper
| Device       : xc7a35t
---------------------------------------------------------------------------------------------------------------------------------------------

Control Set Information

Table of Contents
-----------------
1. Summary
2. Histogram
3. Flip-Flop Distribution
4. Detailed Control Set Information

1. Summary
----------

+----------------------------------------------------------+-------+
|                          Status                          | Count |
+----------------------------------------------------------+-------+
| Total control sets                                       |   196 |
|    Minimum number of control sets                        |   196 |
|    Addition due to synthesis replication                 |     0 |
|    Addition due to physical synthesis replication        |     0 |
| Unused register locations in slices containing registers |   355 |
+----------------------------------------------------------+-------+
* Control sets can be merged at opt_design using control_set_merge or merge_equivalent_drivers
** Run report_qor_suggestions for automated merging and remapping suggestions


2. Histogram
------------

+--------------------+-------+
|       Fanout       | Count |
+--------------------+-------+
| Total control sets |   196 |
| >= 0 to < 4        |    22 |
| >= 4 to < 6        |    14 |
| >= 6 to < 8        |     4 |
| >= 8 to < 10       |    91 |
| >= 10 to < 12      |     2 |
| >= 12 to < 14      |     1 |
| >= 14 to < 16      |     4 |
| >= 16              |    58 |
+--------------------+-------+
* Control sets can be remapped at either synth_design or opt_design


3. Flip-Flop Distribution
-------------------------

+--------------+-----------------------+------------------------+-----------------+--------------+
| Clock Enable | Synchronous Set/Reset | Asynchronous Set/Reset | Total Registers | Total Slices |
+--------------+-----------------------+------------------------+-----------------+--------------+
| No           | No                    | No                     |             356 |          130 |
| No           | No                    | Yes                    |             117 |           40 |
| No           | Yes                   | No                     |             401 |          144 |
| Yes          | No                    | No                     |             385 |          113 |
| Yes          | No                    | Yes                    |             461 |          160 |
| Yes          | Yes                   | No                     |            1605 |          591 |
+--------------+-----------------------+------------------------+-----------------+--------------+


4. Detailed Control Set Information
-----------------------------------

+--------------------------------------------------------------------------------------------------+--------------------------------------------------------------------------------------------------------------------------------------------------------+-----------------------------------------------------------------------------------------------------------------------------------------+------------------+----------------+--------------+
|                                           Clock Signal                                           |                                                                      Enable Signal                                                                     |                                                             Set/Reset Signal                                                            | Slice Load Count | Bel Load Count | Bels / Slice |
+--------------------------------------------------------------------------------------------------+--------------------------------------------------------------------------------------------------------------------------------------------------------+-----------------------------------------------------------------------------------------------------------------------------------------+------------------+----------------+--------------+
|  design_1_i/clk_wiz/inst/clk_out1                                                                | design_1_i/microblaze_riscv_0/U0/riscv_core_I/Base.Core/Decode_I/Use_Trigger.tdata1_all[0][dmode]                                                      | design_1_i/microblaze_riscv_0/U0/riscv_core_I/sync_reset                                                                                |                1 |              1 |         1.00 |
|  design_1_i/clk_wiz/inst/clk_out1                                                                |                                                                                                                                                        | design_1_i/microblaze_riscv_0/U0/riscv_core_I/Base.Core/Use_Debug_Logic.Master_Core.Debug_Perf/Serial_Dbg_Intf.capture_1                |                1 |              1 |         1.00 |
|  design_1_i/clk_wiz/inst/clk_out1                                                                | design_1_i/dotmatrix_ip_0/inst/dotmatrix_ip_slave_lite_v1_0_S00_AXI_inst/cntr/max_cs_i_1_n_0                                                           | design_1_i/dotmatrix_ip_0/inst/dotmatrix_ip_slave_lite_v1_0_S00_AXI_inst/cntr/clear_edge/AR[0]                                          |                1 |              1 |         1.00 |
|  design_1_i/clk_wiz/inst/clk_out1                                                                | design_1_i/dotmatrix_ip_0/inst/dotmatrix_ip_slave_lite_v1_0_S00_AXI_inst/cntr/max_csk_i_1_n_0                                                          | design_1_i/dotmatrix_ip_0/inst/dotmatrix_ip_slave_lite_v1_0_S00_AXI_inst/cntr/clear_edge/AR[0]                                          |                1 |              1 |         1.00 |
| ~design_1_i/mdm_1/U0/tck_BUFG                                                                    |                                                                                                                                                        |                                                                                                                                         |                1 |              1 |         1.00 |
|  design_1_i/clk_wiz/inst/clk_out1                                                                | design_1_i/i2c_mpu_ip_0/inst/myip_i2c_mpu6_slave_lite_v1_0_S00_AXI_inst/u_i2c_mpu9250/U_master/scl_reg_i_1_n_0                                         | design_1_i/i2c_mpu_ip_0/inst/myip_i2c_mpu6_slave_lite_v1_0_S00_AXI_inst/u_i2c_mpu9250/U_master/AR[0]                                    |                1 |              1 |         1.00 |
|  design_1_i/clk_wiz/inst/clk_out1                                                                | design_1_i/microblaze_riscv_0/U0/riscv_core_I/Base.Core/Decode_I/jump_logic_I1/MUXCY_JUMP_CARRY4/lopt_3                                                | design_1_i/microblaze_riscv_0/U0/riscv_core_I/Base.Core/Decode_I/Use_MuxCy[3].OF_Piperun_Stage/MUXCY_I/lopt_4                           |                1 |              1 |         1.00 |
|  design_1_i/clk_wiz/inst/clk_out1                                                                | design_1_i/microblaze_riscv_0/U0/riscv_core_I/Base.Core/Decode_I/jump_logic_I1/MUXCY_JUMP_CARRY4/lopt_3                                                | design_1_i/microblaze_riscv_0/U0/riscv_core_I/Base.Core/Decode_I/Use_MuxCy[5].OF_Piperun_Stage/MUXCY_I/ex_bt_hit_hold                   |                1 |              1 |         1.00 |
|  design_1_i/clk_wiz/inst/clk_out1                                                                | design_1_i/microblaze_riscv_0/U0/riscv_core_I/Base.Core/Decode_I/ie_reg[MEIE]0                                                                         | design_1_i/microblaze_riscv_0/U0/riscv_core_I/sync_reset                                                                                |                1 |              1 |         1.00 |
|  design_1_i/mdm_1/U0/MDM_Core_I1/JTAG_CONTROL_I/Test_Access_Port.BUFG_UPDATE/Using_FPGA.Native_0 | design_1_i/microblaze_riscv_0/U0/riscv_core_I/Base.Core/Use_Debug_Logic.Master_Core.Debug_Perf/Serial_Dbg_Intf.single_step_TClk_i_1_n_0                | design_1_i/microblaze_riscv_0/U0/riscv_core_I/Base.Core/Use_Debug_Logic.Master_Core.Debug_Perf/start_single_step_reg_0                  |                1 |              1 |         1.00 |
|  design_1_i/mdm_1/U0/MDM_Core_I1/JTAG_CONTROL_I/Test_Access_Port.BUFG_UPDATE/Using_FPGA.Native_0 | design_1_i/microblaze_riscv_0/U0/riscv_core_I/Base.Core/Use_Debug_Logic.Master_Core.Debug_Perf/Serial_Dbg_Intf.single_step_TClk_i_1_n_0                | design_1_i/microblaze_riscv_0/U0/riscv_core_I/Base.Core/Use_Debug_Logic.Master_Core.Debug_Perf/Functional_Reset                         |                1 |              1 |         1.00 |
|  design_1_i/mdm_1/U0/MDM_Core_I1/JTAG_CONTROL_I/Test_Access_Port.BUFG_UPDATE/Using_FPGA.Native_0 | design_1_i/microblaze_riscv_0/U0/riscv_core_I/Base.Core/Use_Debug_Logic.Master_Core.Debug_Perf/Serial_Dbg_Intf.dmactive_TClk_reg_0                     | design_1_i/microblaze_riscv_0/U0/riscv_core_I/Base.Core/Use_Debug_Logic.Master_Core.Debug_Perf/register_read_cmd                        |                1 |              1 |         1.00 |
|  design_1_i/mdm_1/U0/MDM_Core_I1/JTAG_CONTROL_I/Test_Access_Port.BUFG_UPDATE/Using_FPGA.Native_0 |                                                                                                                                                        | design_1_i/microblaze_riscv_0/U0/riscv_core_I/Base.Core/Decode_I/Functional_Reset                                                       |                1 |              1 |         1.00 |
|  design_1_i/mdm_1/U0/MDM_Core_I1/JTAG_CONTROL_I/Test_Access_Port.BUFG_UPDATE/Using_FPGA.Native_0 | design_1_i/microblaze_riscv_0/U0/riscv_core_I/Base.Core/Use_Debug_Logic.Master_Core.Debug_Perf/Serial_Dbg_Intf.dmactive_TClk_reg_0                     | design_1_i/microblaze_riscv_0/U0/riscv_core_I/Base.Core/Use_Debug_Logic.Master_Core.Debug_Perf/Serial_Dbg_Intf.register_write_cmd_reg_0 |                1 |              1 |         1.00 |
|  design_1_i/mdm_1/U0/MDM_Core_I1/JTAG_CONTROL_I/Test_Access_Port.BUFG_UPDATE/Using_FPGA.Native_0 |                                                                                                                                                        | design_1_i/microblaze_riscv_0/U0/riscv_core_I/Base.Core/Use_Debug_Logic.Master_Core.Debug_Perf/Functional_Reset22_out                   |                1 |              1 |         1.00 |
|  design_1_i/mdm_1/U0/MDM_Core_I1/JTAG_CONTROL_I/Test_Access_Port.BUFG_UPDATE/Using_FPGA.Native_0 |                                                                                                                                                        | design_1_i/microblaze_riscv_0/U0/riscv_core_I/Base.Core/Use_Debug_Logic.Master_Core.Debug_Perf/continue_from_brk_reg_0                  |                1 |              1 |         1.00 |
|  design_1_i/clk_wiz/inst/clk_out1                                                                | design_1_i/microblaze_riscv_0/U0/riscv_core_I/Base.Core/Decode_I/Use_Trigger.tdata1_all[0][dmode]1                                                     | design_1_i/microblaze_riscv_0/U0/riscv_core_I/sync_reset                                                                                |                1 |              2 |         2.00 |
|  design_1_i/mdm_1/U0/tck_BUFG                                                                    |                                                                                                                                                        | design_1_i/mdm_1/U0/Use_E2.BSCAN_I/Use_E2.BSCANE2_I_0                                                                                   |                1 |              2 |         2.00 |
|  design_1_i/clk_wiz/inst/clk_out1                                                                | design_1_i/microblaze_riscv_0/U0/riscv_core_I/Base.Core/Decode_I/Use_Counters.mcountinhibit_reg[CY]0                                                   | design_1_i/microblaze_riscv_0/U0/riscv_core_I/sync_reset                                                                                |                1 |              2 |         2.00 |
|  design_1_i/mdm_1/U0/MDM_Core_I1/JTAG_CONTROL_I/Test_Access_Port.BUFG_UPDATE/Using_FPGA.Native_0 | design_1_i/microblaze_riscv_0/U0/riscv_core_I/Base.Core/Use_Debug_Logic.Master_Core.Debug_Perf/Serial_Dbg_Intf.dmactive_TClk_reg_0                     | design_1_i/microblaze_riscv_0/U0/riscv_core_I/Base.Core/Use_Debug_Logic.Master_Core.Debug_Perf/do_new_dbg_instr                         |                1 |              3 |         3.00 |
| ~design_1_i/mdm_1/U0/Use_JTAG_BSCAN.BUFG_JTAG_TCK/Use_JTAG_BSCAN.tck_int                         |                                                                                                                                                        |                                                                                                                                         |                3 |              3 |         1.00 |
|  design_1_i/clk_wiz/inst/clk_out1                                                                | design_1_i/microblaze_riscv_0/U0/riscv_core_I/Base.Core/Decode_I/ex_Sel_CSR_i_reg[dcsr]_0[0]                                                           | design_1_i/microblaze_riscv_0/U0/riscv_core_I/sync_reset                                                                                |                1 |              3 |         3.00 |
|  design_1_i/clk_wiz/inst/clk_out1                                                                | design_1_i/i2c_mpu_ip_0/inst/myip_i2c_mpu6_slave_lite_v1_0_S00_AXI_inst/u_i2c_mpu9250/U_master/E[0]                                                    | design_1_i/i2c_mpu_ip_0/inst/myip_i2c_mpu6_slave_lite_v1_0_S00_AXI_inst/u_i2c_mpu9250/U_master/AR[0]                                    |                1 |              4 |         4.00 |
|  design_1_i/clk_wiz/inst/clk_out1                                                                | design_1_i/i2c_mpu_ip_0/inst/myip_i2c_mpu6_slave_lite_v1_0_S00_AXI_inst/u_i2c_mpu9250/U_master/bit_cnt[3]_i_1_n_0                                      |                                                                                                                                         |                2 |              4 |         2.00 |
|  design_1_i/clk_wiz/inst/clk_out1                                                                | design_1_i/axi_uartlite_0/U0/UARTLITE_CORE_I/BAUD_RATE_I/en_16x_Baud                                                                                   |                                                                                                                                         |                1 |              4 |         4.00 |
|  design_1_i/clk_wiz/inst/clk_out1                                                                | design_1_i/i2c_mpu_ip_0/inst/myip_i2c_mpu6_slave_lite_v1_0_S00_AXI_inst/u_i2c_mpu9250/U_master/addr_sh[0]_i_1_n_0                                      |                                                                                                                                         |                1 |              4 |         4.00 |
|  design_1_i/clk_wiz/inst/clk_out1                                                                | design_1_i/myip_rxtx_0/inst/u_axi_slave/axi_arready                                                                                                    | design_1_i/myip_rxtx_0/inst/u_axi_slave/SR[0]                                                                                           |                1 |              4 |         4.00 |
|  design_1_i/clk_wiz/inst/clk_out1                                                                | design_1_i/dotmatrix_ip_0/inst/dotmatrix_ip_slave_lite_v1_0_S00_AXI_inst/cntr/update_edge/FSM_sequential_state_reg[0]                                  |                                                                                                                                         |                1 |              4 |         4.00 |
|  design_1_i/clk_wiz/inst/clk_out1                                                                |                                                                                                                                                        | design_1_i/proc_sys_reset_0/U0/bus_struct_reset[0]                                                                                      |                1 |              4 |         4.00 |
|  design_1_i/clk_wiz/inst/clk_out1                                                                |                                                                                                                                                        | design_1_i/microblaze_riscv_0_axi_intc/U0/AXI_LITE_IPIF_I/I_SLAVE_ATTACHMENT/clear                                                      |                1 |              4 |         4.00 |
|  design_1_i/clk_wiz/inst/clk_out1                                                                | design_1_i/axi_uartlite_0/U0/AXI_LITE_IPIF_I/I_SLAVE_ATTACHMENT/start2                                                                                 | design_1_i/axi_uartlite_0/U0/AXI_LITE_IPIF_I/I_SLAVE_ATTACHMENT/I_DECODER/cs_ce_clr                                                     |                1 |              4 |         4.00 |
|  design_1_i/clk_wiz/inst/clk_out1                                                                | design_1_i/microblaze_riscv_0/U0/riscv_core_I/Base.Core/Decode_I/No_Short_Pipe_5.Using_FPGA.Gen_Bits[1].MEM_EX_Result_Inst/ex_Sel_CSR_i_reg[mcause][0] | design_1_i/microblaze_riscv_0/U0/riscv_core_I/sync_reset                                                                                |                3 |              5 |         1.67 |
|  design_1_i/mdm_1/U0/Use_JTAG_BSCAN.BUFG_JTAG_TCK/Use_JTAG_BSCAN.tck_int                         | design_1_i/mdm_1/U0/MDM_Core_I1/JTAG_CONTROL_I/Test_Access_Port.ir[4]_i_1_n_0                                                                          |                                                                                                                                         |                1 |              5 |         5.00 |
|  design_1_i/clk_wiz/inst/clk_out1                                                                |                                                                                                                                                        | design_1_i/proc_sys_reset_0/U0/EXT_LPF/lpf_int                                                                                          |                3 |              5 |         1.67 |
|  design_1_i/mdm_1/U0/MDM_Core_I1/JTAG_CONTROL_I/Test_Access_Port.BUFG_UPDATE/Using_FPGA.Native_0 | design_1_i/microblaze_riscv_0/U0/riscv_core_I/Base.Core/Use_Debug_Logic.Master_Core.Debug_Perf/p_105_in                                                |                                                                                                                                         |                2 |              5 |         2.50 |
|  design_1_i/mdm_1/U0/Use_JTAG_BSCAN.BUFG_JTAG_TCK/Use_JTAG_BSCAN.tck_int                         | design_1_i/mdm_1/U0/MDM_Core_I1/JTAG_CONTROL_I/Test_Access_Port.sel_dmi_i_1_n_0                                                                        |                                                                                                                                         |                2 |              5 |         2.50 |
|  design_1_i/clk_wiz/inst/clk_out1                                                                |                                                                                                                                                        | design_1_i/axi_uartlite_0/U0/UARTLITE_CORE_I/UARTLITE_TX_I/SRL_FIFO_I/I_SRL_FIFO_RBU_F/CNTR_INCR_DECR_ADDN_F_I/SS[0]                    |                2 |              6 |         3.00 |
|  design_1_i/clk_wiz/inst/clk_out1                                                                | design_1_i/proc_sys_reset_0/U0/SEQ/seq_cnt_en                                                                                                          | design_1_i/proc_sys_reset_0/U0/SEQ/SEQ_COUNTER/clear                                                                                    |                1 |              6 |         6.00 |
|  design_1_i/clk_wiz/inst/clk_out1                                                                |                                                                                                                                                        | design_1_i/axi_uartlite_0/U0/UARTLITE_CORE_I/UARTLITE_RX_I/SRL_FIFO_I/I_SRL_FIFO_RBU_F/CNTR_INCR_DECR_ADDN_F_I/SS[0]                    |                2 |              6 |         3.00 |
|  design_1_i/clk_wiz/inst/clk_out1                                                                | design_1_i/axi_uartlite_0/U0/UARTLITE_CORE_I/BAUD_RATE_I/en_16x_Baud                                                                                   | design_1_i/axi_uartlite_0/U0/UARTLITE_CORE_I/UARTLITE_RX_I/SERIAL_TO_PARALLEL[8].fifo_din[8]_i_1_n_0                                    |                1 |              7 |         7.00 |
|  design_1_i/clk_wiz/inst/clk_out1                                                                | design_1_i/step_counter_ip_0/inst/step_counter_ip_slave_lite_v1_0_S00_AXI_inst/slv_reg7[7]_i_1_n_0                                                     | design_1_i/step_counter_ip_0/inst/step_counter_ip_slave_lite_v1_0_S00_AXI_inst/cntr/SR[0]                                               |                3 |              8 |         2.67 |
|  design_1_i/clk_wiz/inst/clk_out1                                                                | design_1_i/step_counter_ip_0/inst/step_counter_ip_slave_lite_v1_0_S00_AXI_inst/slv_reg7[31]_i_1_n_0                                                    | design_1_i/step_counter_ip_0/inst/step_counter_ip_slave_lite_v1_0_S00_AXI_inst/cntr/SR[0]                                               |                1 |              8 |         8.00 |
|  design_1_i/clk_wiz/inst/clk_out1                                                                | design_1_i/step_counter_ip_0/inst/step_counter_ip_slave_lite_v1_0_S00_AXI_inst/p_1_in[7]                                                               | design_1_i/step_counter_ip_0/inst/step_counter_ip_slave_lite_v1_0_S00_AXI_inst/cntr/SR[0]                                               |                2 |              8 |         4.00 |
|  design_1_i/clk_wiz/inst/clk_out1                                                                | design_1_i/step_counter_ip_0/inst/step_counter_ip_slave_lite_v1_0_S00_AXI_inst/p_1_in[15]                                                              | design_1_i/step_counter_ip_0/inst/step_counter_ip_slave_lite_v1_0_S00_AXI_inst/cntr/SR[0]                                               |                2 |              8 |         4.00 |
|  design_1_i/clk_wiz/inst/clk_out1                                                                | design_1_i/step_counter_ip_0/inst/step_counter_ip_slave_lite_v1_0_S00_AXI_inst/slv_reg7[23]_i_1_n_0                                                    | design_1_i/step_counter_ip_0/inst/step_counter_ip_slave_lite_v1_0_S00_AXI_inst/cntr/SR[0]                                               |                2 |              8 |         4.00 |
|  design_1_i/clk_wiz/inst/clk_out1                                                                | design_1_i/step_counter_ip_0/inst/step_counter_ip_slave_lite_v1_0_S00_AXI_inst/slv_reg7[15]_i_1_n_0                                                    | design_1_i/step_counter_ip_0/inst/step_counter_ip_slave_lite_v1_0_S00_AXI_inst/cntr/SR[0]                                               |                2 |              8 |         4.00 |
|  design_1_i/clk_wiz/inst/clk_out1                                                                | design_1_i/i2c_mpu_ip_0/inst/myip_i2c_mpu6_slave_lite_v1_0_S00_AXI_inst/u_i2c_mpu9250/U_master/FSM_sequential_state_reg[1]_3[0]                        | design_1_i/i2c_mpu_ip_0/inst/myip_i2c_mpu6_slave_lite_v1_0_S00_AXI_inst/u_i2c_mpu9250/U_master/AR[0]                                    |                5 |              8 |         1.60 |
|  design_1_i/clk_wiz/inst/clk_out1                                                                | design_1_i/i2c_mpu_ip_0/inst/myip_i2c_mpu6_slave_lite_v1_0_S00_AXI_inst/u_i2c_mpu9250/U_master/FSM_sequential_state_reg[1]_2[0]                        | design_1_i/i2c_mpu_ip_0/inst/myip_i2c_mpu6_slave_lite_v1_0_S00_AXI_inst/u_i2c_mpu9250/U_master/AR[0]                                    |                4 |              8 |         2.00 |
|  design_1_i/clk_wiz/inst/clk_out1                                                                | design_1_i/i2c_mpu_ip_0/inst/myip_i2c_mpu6_slave_lite_v1_0_S00_AXI_inst/u_i2c_mpu9250/U_master/FSM_sequential_state_reg[2]_2[0]                        | design_1_i/i2c_mpu_ip_0/inst/myip_i2c_mpu6_slave_lite_v1_0_S00_AXI_inst/u_i2c_mpu9250/U_master/AR[0]                                    |                4 |              8 |         2.00 |
|  design_1_i/clk_wiz/inst/clk_out1                                                                | design_1_i/i2c_mpu_ip_0/inst/myip_i2c_mpu6_slave_lite_v1_0_S00_AXI_inst/u_i2c_mpu9250/U_master/FSM_sequential_state_reg[1]_1[0]                        | design_1_i/i2c_mpu_ip_0/inst/myip_i2c_mpu6_slave_lite_v1_0_S00_AXI_inst/u_i2c_mpu9250/U_master/AR[0]                                    |                5 |              8 |         1.60 |
|  design_1_i/mdm_1/U0/tck_BUFG                                                                    | design_1_i/mdm_1/U0/Use_E2.BSCAN_I/E[0]                                                                                                                | design_1_i/mdm_1/U0/Use_E2.BSCAN_I/Use_JTAG_BSCAN.tms_ok                                                                                |                2 |              8 |         4.00 |
|  design_1_i/clk_wiz/inst/clk_out1                                                                | design_1_i/i2c_mpu_ip_0/inst/myip_i2c_mpu6_slave_lite_v1_0_S00_AXI_inst/u_i2c_mpu9250/U_master/FSM_sequential_state_reg[0]_2[0]                        | design_1_i/i2c_mpu_ip_0/inst/myip_i2c_mpu6_slave_lite_v1_0_S00_AXI_inst/u_i2c_mpu9250/U_master/AR[0]                                    |                3 |              8 |         2.67 |
|  design_1_i/clk_wiz/inst/clk_out1                                                                | design_1_i/step_counter_ip_0/inst/step_counter_ip_slave_lite_v1_0_S00_AXI_inst/slv_reg6[15]_i_1_n_0                                                    | design_1_i/step_counter_ip_0/inst/step_counter_ip_slave_lite_v1_0_S00_AXI_inst/cntr/SR[0]                                               |                5 |              8 |         1.60 |
|  design_1_i/mdm_1/U0/tck_BUFG                                                                    | design_1_i/mdm_1/U0/Use_E2.BSCAN_I/Use_E2.BSCANE2_I_2[0]                                                                                               |                                                                                                                                         |                3 |              8 |         2.67 |
|  design_1_i/clk_wiz/inst/clk_out1                                                                | design_1_i/step_counter_ip_0/inst/step_counter_ip_slave_lite_v1_0_S00_AXI_inst/p_1_in[23]                                                              | design_1_i/step_counter_ip_0/inst/step_counter_ip_slave_lite_v1_0_S00_AXI_inst/cntr/SR[0]                                               |                1 |              8 |         8.00 |
|  design_1_i/clk_wiz/inst/clk_out1                                                                | design_1_i/dotmatrix_ip_0/inst/dotmatrix_ip_slave_lite_v1_0_S00_AXI_inst/p_1_in[31]                                                                    | design_1_i/dotmatrix_ip_0/inst/dotmatrix_ip_slave_lite_v1_0_S00_AXI_inst/cntr/clear_edge/AR[0]                                          |                3 |              8 |         2.67 |
|  design_1_i/clk_wiz/inst/clk_out1                                                                | design_1_i/dotmatrix_ip_0/inst/dotmatrix_ip_slave_lite_v1_0_S00_AXI_inst/p_1_in[23]                                                                    | design_1_i/dotmatrix_ip_0/inst/dotmatrix_ip_slave_lite_v1_0_S00_AXI_inst/cntr/clear_edge/AR[0]                                          |                3 |              8 |         2.67 |
|  design_1_i/clk_wiz/inst/clk_out1                                                                | design_1_i/dotmatrix_ip_0/inst/dotmatrix_ip_slave_lite_v1_0_S00_AXI_inst/p_1_in[15]                                                                    | design_1_i/dotmatrix_ip_0/inst/dotmatrix_ip_slave_lite_v1_0_S00_AXI_inst/cntr/clear_edge/AR[0]                                          |                4 |              8 |         2.00 |
|  design_1_i/clk_wiz/inst/clk_out1                                                                | design_1_i/dotmatrix_ip_0/inst/dotmatrix_ip_slave_lite_v1_0_S00_AXI_inst/p_1_in[0]                                                                     | design_1_i/dotmatrix_ip_0/inst/dotmatrix_ip_slave_lite_v1_0_S00_AXI_inst/cntr/clear_edge/AR[0]                                          |                3 |              8 |         2.67 |
|  design_1_i/clk_wiz/inst/clk_out1                                                                | design_1_i/dotmatrix_ip_0/inst/dotmatrix_ip_slave_lite_v1_0_S00_AXI_inst/slv_reg7[7]_i_1_n_0                                                           | design_1_i/dotmatrix_ip_0/inst/dotmatrix_ip_slave_lite_v1_0_S00_AXI_inst/cntr/clear_edge/AR[0]                                          |                4 |              8 |         2.00 |
|  design_1_i/clk_wiz/inst/clk_out1                                                                | design_1_i/dotmatrix_ip_0/inst/dotmatrix_ip_slave_lite_v1_0_S00_AXI_inst/slv_reg7[31]_i_1_n_0                                                          | design_1_i/dotmatrix_ip_0/inst/dotmatrix_ip_slave_lite_v1_0_S00_AXI_inst/cntr/clear_edge/AR[0]                                          |                3 |              8 |         2.67 |
|  design_1_i/clk_wiz/inst/clk_out1                                                                | design_1_i/dotmatrix_ip_0/inst/dotmatrix_ip_slave_lite_v1_0_S00_AXI_inst/slv_reg7[15]_i_1_n_0                                                          | design_1_i/dotmatrix_ip_0/inst/dotmatrix_ip_slave_lite_v1_0_S00_AXI_inst/cntr/clear_edge/AR[0]                                          |                4 |              8 |         2.00 |
|  design_1_i/clk_wiz/inst/clk_out1                                                                | design_1_i/dotmatrix_ip_0/inst/dotmatrix_ip_slave_lite_v1_0_S00_AXI_inst/slv_reg6[7]_i_1_n_0                                                           | design_1_i/dotmatrix_ip_0/inst/dotmatrix_ip_slave_lite_v1_0_S00_AXI_inst/cntr/clear_edge/AR[0]                                          |                1 |              8 |         8.00 |
|  design_1_i/clk_wiz/inst/clk_out1                                                                | design_1_i/dotmatrix_ip_0/inst/dotmatrix_ip_slave_lite_v1_0_S00_AXI_inst/slv_reg6[31]_i_1_n_0                                                          | design_1_i/dotmatrix_ip_0/inst/dotmatrix_ip_slave_lite_v1_0_S00_AXI_inst/cntr/clear_edge/AR[0]                                          |                4 |              8 |         2.00 |
|  design_1_i/clk_wiz/inst/clk_out1                                                                | design_1_i/myip_rxtx_0/inst/u_uart_tx/data_buf                                                                                                         | design_1_i/myip_rxtx_0/inst/u_axi_slave/SR[0]                                                                                           |                1 |              8 |         8.00 |
|  design_1_i/clk_wiz/inst/clk_out1                                                                | design_1_i/myip_rxtx_0/inst/u_axi_slave/slv_reg0[15]_i_1_n_0                                                                                           | design_1_i/myip_rxtx_0/inst/u_axi_slave/SR[0]                                                                                           |                2 |              8 |         4.00 |
|  design_1_i/clk_wiz/inst/clk_out1                                                                | design_1_i/myip_rxtx_0/inst/u_axi_slave/slv_reg0[23]_i_1_n_0                                                                                           | design_1_i/myip_rxtx_0/inst/u_axi_slave/SR[0]                                                                                           |                3 |              8 |         2.67 |
|  design_1_i/clk_wiz/inst/clk_out1                                                                | design_1_i/myip_rxtx_0/inst/u_axi_slave/slv_reg0[31]_i_1_n_0                                                                                           | design_1_i/myip_rxtx_0/inst/u_axi_slave/SR[0]                                                                                           |                4 |              8 |         2.00 |
|  design_1_i/clk_wiz/inst/clk_out1                                                                | design_1_i/myip_rxtx_0/inst/u_axi_slave/slv_reg0[7]_i_1_n_0                                                                                            | design_1_i/myip_rxtx_0/inst/u_axi_slave/SR[0]                                                                                           |                3 |              8 |         2.67 |
|  design_1_i/clk_wiz/inst/clk_out1                                                                | design_1_i/myip_rxtx_0/inst/u_axi_slave/tx_data_out[7]_i_1_n_0                                                                                         | design_1_i/myip_rxtx_0/inst/u_axi_slave/SR[0]                                                                                           |                2 |              8 |         4.00 |
|  design_1_i/clk_wiz/inst/clk_out1                                                                | design_1_i/myip_rxtx_0/inst/u_axi_slave/p_1_in[7]                                                                                                      | design_1_i/myip_rxtx_0/inst/u_axi_slave/SR[0]                                                                                           |                3 |              8 |         2.67 |
|  design_1_i/clk_wiz/inst/clk_out1                                                                | design_1_i/microblaze_riscv_0_axi_intc/U0/AXI_LITE_IPIF_I/I_SLAVE_ATTACHMENT/bus2ip_addr_i[8]_i_1_n_0                                                  | design_1_i/microblaze_riscv_0_axi_intc/U0/AXI_LITE_IPIF_I/I_SLAVE_ATTACHMENT/rst                                                        |                2 |              8 |         4.00 |
|  design_1_i/clk_wiz/inst/clk_out1                                                                | design_1_i/myip_rxtx_0/inst/u_axi_slave/p_1_in[15]                                                                                                     | design_1_i/myip_rxtx_0/inst/u_axi_slave/SR[0]                                                                                           |                2 |              8 |         4.00 |
|  design_1_i/clk_wiz/inst/clk_out1                                                                | design_1_i/myip_rxtx_0/inst/u_axi_slave/p_1_in[23]                                                                                                     | design_1_i/myip_rxtx_0/inst/u_axi_slave/SR[0]                                                                                           |                3 |              8 |         2.67 |
|  design_1_i/clk_wiz/inst/clk_out1                                                                | design_1_i/myip_rxtx_0/inst/u_axi_slave/p_1_in[31]                                                                                                     | design_1_i/myip_rxtx_0/inst/u_axi_slave/SR[0]                                                                                           |                2 |              8 |         4.00 |
|  design_1_i/clk_wiz/inst/clk_out1                                                                | design_1_i/myip_rxtx_0/inst/u_uart_rx/rx_done_i_1_n_0                                                                                                  | design_1_i/myip_rxtx_0/inst/u_axi_slave/SR[0]                                                                                           |                1 |              8 |         8.00 |
|  design_1_i/clk_wiz/inst/clk_out1                                                                | design_1_i/myip_rxtx_0/inst/u_uart_rx/E[0]                                                                                                             | design_1_i/myip_rxtx_0/inst/u_axi_slave/SR[0]                                                                                           |                1 |              8 |         8.00 |
|  design_1_i/clk_wiz/inst/clk_out1                                                                | design_1_i/step_counter_ip_0/inst/step_counter_ip_slave_lite_v1_0_S00_AXI_inst/slv_reg6[7]_i_1_n_0                                                     | design_1_i/step_counter_ip_0/inst/step_counter_ip_slave_lite_v1_0_S00_AXI_inst/cntr/SR[0]                                               |                4 |              8 |         2.00 |
|  design_1_i/clk_wiz/inst/clk_out1                                                                | design_1_i/step_counter_ip_0/inst/step_counter_ip_slave_lite_v1_0_S00_AXI_inst/slv_reg4[15]_i_1_n_0                                                    | design_1_i/step_counter_ip_0/inst/step_counter_ip_slave_lite_v1_0_S00_AXI_inst/cntr/SR[0]                                               |                1 |              8 |         8.00 |
|  design_1_i/clk_wiz/inst/clk_out1                                                                | design_1_i/step_counter_ip_0/inst/step_counter_ip_slave_lite_v1_0_S00_AXI_inst/slv_reg4[23]_i_1_n_0                                                    | design_1_i/step_counter_ip_0/inst/step_counter_ip_slave_lite_v1_0_S00_AXI_inst/cntr/SR[0]                                               |                2 |              8 |         4.00 |
|  design_1_i/clk_wiz/inst/clk_out1                                                                | design_1_i/step_counter_ip_0/inst/step_counter_ip_slave_lite_v1_0_S00_AXI_inst/slv_reg4[31]_i_1_n_0                                                    | design_1_i/step_counter_ip_0/inst/step_counter_ip_slave_lite_v1_0_S00_AXI_inst/cntr/SR[0]                                               |                1 |              8 |         8.00 |
|  design_1_i/clk_wiz/inst/clk_out1                                                                | design_1_i/step_counter_ip_0/inst/step_counter_ip_slave_lite_v1_0_S00_AXI_inst/slv_reg4[7]_i_1_n_0                                                     | design_1_i/step_counter_ip_0/inst/step_counter_ip_slave_lite_v1_0_S00_AXI_inst/cntr/SR[0]                                               |                3 |              8 |         2.67 |
|  design_1_i/clk_wiz/inst/clk_out1                                                                | design_1_i/step_counter_ip_0/inst/step_counter_ip_slave_lite_v1_0_S00_AXI_inst/slv_reg5[15]_i_1_n_0                                                    | design_1_i/step_counter_ip_0/inst/step_counter_ip_slave_lite_v1_0_S00_AXI_inst/cntr/SR[0]                                               |                2 |              8 |         4.00 |
|  design_1_i/clk_wiz/inst/clk_out1                                                                | design_1_i/step_counter_ip_0/inst/step_counter_ip_slave_lite_v1_0_S00_AXI_inst/slv_reg5[23]_i_1_n_0                                                    | design_1_i/step_counter_ip_0/inst/step_counter_ip_slave_lite_v1_0_S00_AXI_inst/cntr/SR[0]                                               |                4 |              8 |         2.00 |
|  design_1_i/clk_wiz/inst/clk_out1                                                                | design_1_i/step_counter_ip_0/inst/step_counter_ip_slave_lite_v1_0_S00_AXI_inst/slv_reg5[31]_i_1_n_0                                                    | design_1_i/step_counter_ip_0/inst/step_counter_ip_slave_lite_v1_0_S00_AXI_inst/cntr/SR[0]                                               |                2 |              8 |         4.00 |
|  design_1_i/clk_wiz/inst/clk_out1                                                                | design_1_i/step_counter_ip_0/inst/step_counter_ip_slave_lite_v1_0_S00_AXI_inst/slv_reg5[7]_i_1_n_0                                                     | design_1_i/step_counter_ip_0/inst/step_counter_ip_slave_lite_v1_0_S00_AXI_inst/cntr/SR[0]                                               |                3 |              8 |         2.67 |
|  design_1_i/clk_wiz/inst/clk_out1                                                                | design_1_i/dotmatrix_ip_0/inst/dotmatrix_ip_slave_lite_v1_0_S00_AXI_inst/slv_reg7[23]_i_1_n_0                                                          | design_1_i/dotmatrix_ip_0/inst/dotmatrix_ip_slave_lite_v1_0_S00_AXI_inst/cntr/clear_edge/AR[0]                                          |                6 |              8 |         1.33 |
|  design_1_i/clk_wiz/inst/clk_out1                                                                | design_1_i/step_counter_ip_0/inst/step_counter_ip_slave_lite_v1_0_S00_AXI_inst/slv_reg6[23]_i_1_n_0                                                    | design_1_i/step_counter_ip_0/inst/step_counter_ip_slave_lite_v1_0_S00_AXI_inst/cntr/SR[0]                                               |                4 |              8 |         2.00 |
|  design_1_i/clk_wiz/inst/clk_out1                                                                | design_1_i/step_counter_ip_0/inst/step_counter_ip_slave_lite_v1_0_S00_AXI_inst/slv_reg6[31]_i_1_n_0                                                    | design_1_i/step_counter_ip_0/inst/step_counter_ip_slave_lite_v1_0_S00_AXI_inst/cntr/SR[0]                                               |                2 |              8 |         4.00 |
|  design_1_i/clk_wiz/inst/clk_out1                                                                | design_1_i/i2c_mpu_ip_0/inst/myip_i2c_mpu6_slave_lite_v1_0_S00_AXI_inst/slv_reg7[31]_i_1_n_0                                                           | design_1_i/i2c_mpu_ip_0/inst/myip_i2c_mpu6_slave_lite_v1_0_S00_AXI_inst/u_i2c_mpu9250/U_master/AR[0]                                    |                3 |              8 |         2.67 |
|  design_1_i/clk_wiz/inst/clk_out1                                                                | design_1_i/dotmatrix_ip_0/inst/dotmatrix_ip_slave_lite_v1_0_S00_AXI_inst/slv_reg1[7]_i_1_n_0                                                           | design_1_i/dotmatrix_ip_0/inst/dotmatrix_ip_slave_lite_v1_0_S00_AXI_inst/cntr/clear_edge/AR[0]                                          |                2 |              8 |         4.00 |
|  design_1_i/clk_wiz/inst/clk_out1                                                                | design_1_i/dotmatrix_ip_0/inst/dotmatrix_ip_slave_lite_v1_0_S00_AXI_inst/slv_reg1[31]_i_1_n_0                                                          | design_1_i/dotmatrix_ip_0/inst/dotmatrix_ip_slave_lite_v1_0_S00_AXI_inst/cntr/clear_edge/AR[0]                                          |                3 |              8 |         2.67 |
|  design_1_i/clk_wiz/inst/clk_out1                                                                | design_1_i/dotmatrix_ip_0/inst/dotmatrix_ip_slave_lite_v1_0_S00_AXI_inst/slv_reg1[23]_i_1_n_0                                                          | design_1_i/dotmatrix_ip_0/inst/dotmatrix_ip_slave_lite_v1_0_S00_AXI_inst/cntr/clear_edge/AR[0]                                          |                1 |              8 |         8.00 |
|  design_1_i/clk_wiz/inst/clk_out1                                                                | design_1_i/dotmatrix_ip_0/inst/dotmatrix_ip_slave_lite_v1_0_S00_AXI_inst/slv_reg1[15]_i_1_n_0                                                          | design_1_i/dotmatrix_ip_0/inst/dotmatrix_ip_slave_lite_v1_0_S00_AXI_inst/cntr/clear_edge/AR[0]                                          |                2 |              8 |         4.00 |
|  design_1_i/clk_wiz/inst/clk_out1                                                                | design_1_i/step_counter_ip_0/inst/step_counter_ip_slave_lite_v1_0_S00_AXI_inst/p_1_in[31]                                                              | design_1_i/step_counter_ip_0/inst/step_counter_ip_slave_lite_v1_0_S00_AXI_inst/cntr/SR[0]                                               |                4 |              8 |         2.00 |
|  design_1_i/clk_wiz/inst/clk_out1                                                                | design_1_i/axi_uartlite_0/U0/UARTLITE_CORE_I/UARTLITE_RX_I/SRL_FIFO_I/I_SRL_FIFO_RBU_F/DYNSHREG_F_I/fifo_wr                                            |                                                                                                                                         |                1 |              8 |         8.00 |
|  design_1_i/clk_wiz/inst/clk_out1                                                                | design_1_i/i2c_mpu_ip_0/inst/myip_i2c_mpu6_slave_lite_v1_0_S00_AXI_inst/p_1_in[31]                                                                     | design_1_i/i2c_mpu_ip_0/inst/myip_i2c_mpu6_slave_lite_v1_0_S00_AXI_inst/u_i2c_mpu9250/U_master/AR[0]                                    |                2 |              8 |         4.00 |
|  design_1_i/clk_wiz/inst/clk_out1                                                                | design_1_i/i2c_mpu_ip_0/inst/myip_i2c_mpu6_slave_lite_v1_0_S00_AXI_inst/p_1_in[23]                                                                     | design_1_i/i2c_mpu_ip_0/inst/myip_i2c_mpu6_slave_lite_v1_0_S00_AXI_inst/u_i2c_mpu9250/U_master/AR[0]                                    |                2 |              8 |         4.00 |
|  design_1_i/clk_wiz/inst/clk_out1                                                                | design_1_i/i2c_mpu_ip_0/inst/myip_i2c_mpu6_slave_lite_v1_0_S00_AXI_inst/p_1_in[15]                                                                     | design_1_i/i2c_mpu_ip_0/inst/myip_i2c_mpu6_slave_lite_v1_0_S00_AXI_inst/u_i2c_mpu9250/U_master/AR[0]                                    |                5 |              8 |         1.60 |
|  design_1_i/clk_wiz/inst/clk_out1                                                                | design_1_i/i2c_mpu_ip_0/inst/myip_i2c_mpu6_slave_lite_v1_0_S00_AXI_inst/p_1_in[7]                                                                      | design_1_i/i2c_mpu_ip_0/inst/myip_i2c_mpu6_slave_lite_v1_0_S00_AXI_inst/u_i2c_mpu9250/U_master/AR[0]                                    |                5 |              8 |         1.60 |
|  design_1_i/clk_wiz/inst/clk_out1                                                                | design_1_i/i2c_mpu_ip_0/inst/myip_i2c_mpu6_slave_lite_v1_0_S00_AXI_inst/slv_reg7[7]_i_1_n_0                                                            | design_1_i/i2c_mpu_ip_0/inst/myip_i2c_mpu6_slave_lite_v1_0_S00_AXI_inst/u_i2c_mpu9250/U_master/AR[0]                                    |                5 |              8 |         1.60 |
|  design_1_i/clk_wiz/inst/clk_out1                                                                | design_1_i/dotmatrix_ip_0/inst/dotmatrix_ip_slave_lite_v1_0_S00_AXI_inst/slv_reg6[15]_i_1_n_0                                                          | design_1_i/dotmatrix_ip_0/inst/dotmatrix_ip_slave_lite_v1_0_S00_AXI_inst/cntr/clear_edge/AR[0]                                          |                5 |              8 |         1.60 |
|  design_1_i/clk_wiz/inst/clk_out1                                                                | design_1_i/i2c_mpu_ip_0/inst/myip_i2c_mpu6_slave_lite_v1_0_S00_AXI_inst/slv_reg7[23]_i_1_n_0                                                           | design_1_i/i2c_mpu_ip_0/inst/myip_i2c_mpu6_slave_lite_v1_0_S00_AXI_inst/u_i2c_mpu9250/U_master/AR[0]                                    |                4 |              8 |         2.00 |
|  design_1_i/clk_wiz/inst/clk_out1                                                                | design_1_i/i2c_mpu_ip_0/inst/myip_i2c_mpu6_slave_lite_v1_0_S00_AXI_inst/slv_reg7[15]_i_1_n_0                                                           | design_1_i/i2c_mpu_ip_0/inst/myip_i2c_mpu6_slave_lite_v1_0_S00_AXI_inst/u_i2c_mpu9250/U_master/AR[0]                                    |                6 |              8 |         1.33 |
|  design_1_i/clk_wiz/inst/clk_out1                                                                | design_1_i/i2c_mpu_ip_0/inst/myip_i2c_mpu6_slave_lite_v1_0_S00_AXI_inst/slv_reg6[7]_i_1_n_0                                                            | design_1_i/i2c_mpu_ip_0/inst/myip_i2c_mpu6_slave_lite_v1_0_S00_AXI_inst/u_i2c_mpu9250/U_master/AR[0]                                    |                2 |              8 |         4.00 |
|  design_1_i/clk_wiz/inst/clk_out1                                                                | design_1_i/i2c_mpu_ip_0/inst/myip_i2c_mpu6_slave_lite_v1_0_S00_AXI_inst/slv_reg6[31]_i_1_n_0                                                           | design_1_i/i2c_mpu_ip_0/inst/myip_i2c_mpu6_slave_lite_v1_0_S00_AXI_inst/u_i2c_mpu9250/U_master/AR[0]                                    |                3 |              8 |         2.67 |
|  design_1_i/clk_wiz/inst/clk_out1                                                                | design_1_i/i2c_mpu_ip_0/inst/myip_i2c_mpu6_slave_lite_v1_0_S00_AXI_inst/slv_reg6[23]_i_1_n_0                                                           | design_1_i/i2c_mpu_ip_0/inst/myip_i2c_mpu6_slave_lite_v1_0_S00_AXI_inst/u_i2c_mpu9250/U_master/AR[0]                                    |                4 |              8 |         2.00 |
|  design_1_i/clk_wiz/inst/clk_out1                                                                | design_1_i/i2c_mpu_ip_0/inst/myip_i2c_mpu6_slave_lite_v1_0_S00_AXI_inst/slv_reg6[15]_i_1_n_0                                                           | design_1_i/i2c_mpu_ip_0/inst/myip_i2c_mpu6_slave_lite_v1_0_S00_AXI_inst/u_i2c_mpu9250/U_master/AR[0]                                    |                7 |              8 |         1.14 |
|  design_1_i/clk_wiz/inst/clk_out1                                                                | design_1_i/i2c_mpu_ip_0/inst/myip_i2c_mpu6_slave_lite_v1_0_S00_AXI_inst/slv_reg5[7]_i_1_n_0                                                            | design_1_i/i2c_mpu_ip_0/inst/myip_i2c_mpu6_slave_lite_v1_0_S00_AXI_inst/u_i2c_mpu9250/U_master/AR[0]                                    |                6 |              8 |         1.33 |
|  design_1_i/clk_wiz/inst/clk_out1                                                                | design_1_i/i2c_mpu_ip_0/inst/myip_i2c_mpu6_slave_lite_v1_0_S00_AXI_inst/slv_reg5[31]_i_1_n_0                                                           | design_1_i/i2c_mpu_ip_0/inst/myip_i2c_mpu6_slave_lite_v1_0_S00_AXI_inst/u_i2c_mpu9250/U_master/AR[0]                                    |                3 |              8 |         2.67 |
|  design_1_i/clk_wiz/inst/clk_out1                                                                | design_1_i/i2c_mpu_ip_0/inst/myip_i2c_mpu6_slave_lite_v1_0_S00_AXI_inst/slv_reg5[23]_i_1_n_0                                                           | design_1_i/i2c_mpu_ip_0/inst/myip_i2c_mpu6_slave_lite_v1_0_S00_AXI_inst/u_i2c_mpu9250/U_master/AR[0]                                    |                3 |              8 |         2.67 |
|  design_1_i/clk_wiz/inst/clk_out1                                                                | design_1_i/i2c_mpu_ip_0/inst/myip_i2c_mpu6_slave_lite_v1_0_S00_AXI_inst/slv_reg5[15]_i_1_n_0                                                           | design_1_i/i2c_mpu_ip_0/inst/myip_i2c_mpu6_slave_lite_v1_0_S00_AXI_inst/u_i2c_mpu9250/U_master/AR[0]                                    |                4 |              8 |         2.00 |
|  design_1_i/clk_wiz/inst/clk_out1                                                                | design_1_i/axi_uartlite_0/U0/AXI_LITE_IPIF_I/I_SLAVE_ATTACHMENT/I_DECODER/fifo_wr                                                                      |                                                                                                                                         |                1 |              8 |         8.00 |
|  design_1_i/clk_wiz/inst/clk_out1                                                                | design_1_i/dotmatrix_ip_0/inst/dotmatrix_ip_slave_lite_v1_0_S00_AXI_inst/slv_reg3[23]_i_1_n_0                                                          | design_1_i/dotmatrix_ip_0/inst/dotmatrix_ip_slave_lite_v1_0_S00_AXI_inst/cntr/clear_edge/AR[0]                                          |                1 |              8 |         8.00 |
|  design_1_i/clk_wiz/inst/clk_out1                                                                | design_1_i/dotmatrix_ip_0/inst/dotmatrix_ip_slave_lite_v1_0_S00_AXI_inst/slv_reg5[7]_i_1_n_0                                                           | design_1_i/dotmatrix_ip_0/inst/dotmatrix_ip_slave_lite_v1_0_S00_AXI_inst/cntr/clear_edge/AR[0]                                          |                3 |              8 |         2.67 |
|  design_1_i/clk_wiz/inst/clk_out1                                                                | design_1_i/dotmatrix_ip_0/inst/dotmatrix_ip_slave_lite_v1_0_S00_AXI_inst/slv_reg5[31]_i_1_n_0                                                          | design_1_i/dotmatrix_ip_0/inst/dotmatrix_ip_slave_lite_v1_0_S00_AXI_inst/cntr/clear_edge/AR[0]                                          |                6 |              8 |         1.33 |
|  design_1_i/clk_wiz/inst/clk_out1                                                                | design_1_i/dotmatrix_ip_0/inst/dotmatrix_ip_slave_lite_v1_0_S00_AXI_inst/slv_reg5[23]_i_1_n_0                                                          | design_1_i/dotmatrix_ip_0/inst/dotmatrix_ip_slave_lite_v1_0_S00_AXI_inst/cntr/clear_edge/AR[0]                                          |                2 |              8 |         4.00 |
|  design_1_i/clk_wiz/inst/clk_out1                                                                | design_1_i/dotmatrix_ip_0/inst/dotmatrix_ip_slave_lite_v1_0_S00_AXI_inst/slv_reg5[15]_i_1_n_0                                                          | design_1_i/dotmatrix_ip_0/inst/dotmatrix_ip_slave_lite_v1_0_S00_AXI_inst/cntr/clear_edge/AR[0]                                          |                2 |              8 |         4.00 |
|  design_1_i/clk_wiz/inst/clk_out1                                                                | design_1_i/dotmatrix_ip_0/inst/dotmatrix_ip_slave_lite_v1_0_S00_AXI_inst/slv_reg4[7]_i_1_n_0                                                           | design_1_i/dotmatrix_ip_0/inst/dotmatrix_ip_slave_lite_v1_0_S00_AXI_inst/cntr/clear_edge/AR[0]                                          |                3 |              8 |         2.67 |
|  design_1_i/clk_wiz/inst/clk_out1                                                                | design_1_i/dotmatrix_ip_0/inst/dotmatrix_ip_slave_lite_v1_0_S00_AXI_inst/slv_reg4[31]_i_1_n_0                                                          | design_1_i/dotmatrix_ip_0/inst/dotmatrix_ip_slave_lite_v1_0_S00_AXI_inst/cntr/clear_edge/AR[0]                                          |                4 |              8 |         2.00 |
|  design_1_i/clk_wiz/inst/clk_out1                                                                | design_1_i/dotmatrix_ip_0/inst/dotmatrix_ip_slave_lite_v1_0_S00_AXI_inst/slv_reg4[23]_i_1_n_0                                                          | design_1_i/dotmatrix_ip_0/inst/dotmatrix_ip_slave_lite_v1_0_S00_AXI_inst/cntr/clear_edge/AR[0]                                          |                1 |              8 |         8.00 |
|  design_1_i/clk_wiz/inst/clk_out1                                                                | design_1_i/dotmatrix_ip_0/inst/dotmatrix_ip_slave_lite_v1_0_S00_AXI_inst/slv_reg4[15]_i_1_n_0                                                          | design_1_i/dotmatrix_ip_0/inst/dotmatrix_ip_slave_lite_v1_0_S00_AXI_inst/cntr/clear_edge/AR[0]                                          |                3 |              8 |         2.67 |
|  design_1_i/clk_wiz/inst/clk_out1                                                                | design_1_i/dotmatrix_ip_0/inst/dotmatrix_ip_slave_lite_v1_0_S00_AXI_inst/slv_reg3[7]_i_1_n_0                                                           | design_1_i/dotmatrix_ip_0/inst/dotmatrix_ip_slave_lite_v1_0_S00_AXI_inst/cntr/clear_edge/AR[0]                                          |                3 |              8 |         2.67 |
|  design_1_i/clk_wiz/inst/clk_out1                                                                | design_1_i/dotmatrix_ip_0/inst/dotmatrix_ip_slave_lite_v1_0_S00_AXI_inst/slv_reg3[31]_i_1_n_0                                                          | design_1_i/dotmatrix_ip_0/inst/dotmatrix_ip_slave_lite_v1_0_S00_AXI_inst/cntr/clear_edge/AR[0]                                          |                1 |              8 |         8.00 |
|  design_1_i/clk_wiz/inst/clk_out1                                                                | design_1_i/dotmatrix_ip_0/inst/dotmatrix_ip_slave_lite_v1_0_S00_AXI_inst/slv_reg6[23]_i_1_n_0                                                          | design_1_i/dotmatrix_ip_0/inst/dotmatrix_ip_slave_lite_v1_0_S00_AXI_inst/cntr/clear_edge/AR[0]                                          |                2 |              8 |         4.00 |
|  design_1_i/clk_wiz/inst/clk_out1                                                                | design_1_i/dotmatrix_ip_0/inst/dotmatrix_ip_slave_lite_v1_0_S00_AXI_inst/slv_reg3[15]_i_1_n_0                                                          | design_1_i/dotmatrix_ip_0/inst/dotmatrix_ip_slave_lite_v1_0_S00_AXI_inst/cntr/clear_edge/AR[0]                                          |                4 |              8 |         2.00 |
|  design_1_i/clk_wiz/inst/clk_out1                                                                | design_1_i/dotmatrix_ip_0/inst/dotmatrix_ip_slave_lite_v1_0_S00_AXI_inst/slv_reg2[7]_i_1_n_0                                                           | design_1_i/dotmatrix_ip_0/inst/dotmatrix_ip_slave_lite_v1_0_S00_AXI_inst/cntr/clear_edge/AR[0]                                          |                3 |              8 |         2.67 |
|  design_1_i/clk_wiz/inst/clk_out1                                                                | design_1_i/dotmatrix_ip_0/inst/dotmatrix_ip_slave_lite_v1_0_S00_AXI_inst/slv_reg2[31]_i_1_n_0                                                          | design_1_i/dotmatrix_ip_0/inst/dotmatrix_ip_slave_lite_v1_0_S00_AXI_inst/cntr/clear_edge/AR[0]                                          |                2 |              8 |         4.00 |
|  design_1_i/clk_wiz/inst/clk_out1                                                                | design_1_i/dotmatrix_ip_0/inst/dotmatrix_ip_slave_lite_v1_0_S00_AXI_inst/slv_reg2[23]_i_1_n_0                                                          | design_1_i/dotmatrix_ip_0/inst/dotmatrix_ip_slave_lite_v1_0_S00_AXI_inst/cntr/clear_edge/AR[0]                                          |                3 |              8 |         2.67 |
|  design_1_i/clk_wiz/inst/clk_out1                                                                | design_1_i/dotmatrix_ip_0/inst/dotmatrix_ip_slave_lite_v1_0_S00_AXI_inst/slv_reg2[15]_i_1_n_0                                                          | design_1_i/dotmatrix_ip_0/inst/dotmatrix_ip_slave_lite_v1_0_S00_AXI_inst/cntr/clear_edge/AR[0]                                          |                4 |              8 |         2.00 |
|  design_1_i/clk_wiz/inst/clk_out1                                                                | design_1_i/axi_uartlite_0/U0/AXI_LITE_IPIF_I/I_SLAVE_ATTACHMENT/s_axi_rresp_i                                                                          | design_1_i/axi_uartlite_0/U0/AXI_LITE_IPIF_I/I_SLAVE_ATTACHMENT/rst                                                                     |                3 |              9 |         3.00 |
|  design_1_i/clk_wiz/inst/clk_out1                                                                |                                                                                                                                                        | design_1_i/axi_uartlite_0/U0/AXI_LITE_IPIF_I/I_SLAVE_ATTACHMENT/rst                                                                     |                4 |             11 |         2.75 |
|  design_1_i/mdm_1/U0/tck_BUFG                                                                    |                                                                                                                                                        |                                                                                                                                         |                5 |             11 |         2.20 |
|  design_1_i/clk_wiz/inst/clk_out1                                                                |                                                                                                                                                        | design_1_i/microblaze_riscv_0_axi_intc/U0/AXI_LITE_IPIF_I/I_SLAVE_ATTACHMENT/rst                                                        |                5 |             12 |         2.40 |
|  design_1_i/clk_wiz/inst/clk_out1                                                                |                                                                                                                                                        | design_1_i/microblaze_riscv_0_axi_periph/xbar/inst/gen_sasd.crossbar_sasd_0/addr_arbiter_inst/SR[0]                                     |                7 |             14 |         2.00 |
|  design_1_i/mdm_1/U0/MDM_Core_I1/JTAG_CONTROL_I/Test_Access_Port.BUFG_DRCK/Using_FPGA.Native_0   | design_1_i/mdm_1/U0/MDM_Core_I1/JTAG_CONTROL_I/dmistat15_out                                                                                           |                                                                                                                                         |                6 |             15 |         2.50 |
|  design_1_i/clk_wiz/inst/clk_out1                                                                | design_1_i/microblaze_riscv_0_axi_periph/xbar/inst/gen_sasd.crossbar_sasd_0/reg_slice_r/aa_rready                                                      |                                                                                                                                         |                6 |             15 |         2.50 |
|  design_1_i/clk_wiz/inst/clk_out1                                                                |                                                                                                                                                        | design_1_i/step_counter_ip_0/inst/step_counter_ip_slave_lite_v1_0_S00_AXI_inst/cntr/SR[0]                                               |                7 |             15 |         2.14 |
|  design_1_i/clk_wiz/inst/clk_out1                                                                | design_1_i/i2c_mpu_ip_0/inst/myip_i2c_mpu6_slave_lite_v1_0_S00_AXI_inst/u_i2c_mpu9250/U_master/clk_cnt[15]_i_1_n_0                                     | design_1_i/i2c_mpu_ip_0/inst/myip_i2c_mpu6_slave_lite_v1_0_S00_AXI_inst/u_i2c_mpu9250/U_master/AR[0]                                    |                5 |             16 |         3.20 |
|  design_1_i/clk_wiz/inst/clk_out1                                                                | design_1_i/dotmatrix_ip_0/inst/dotmatrix_ip_slave_lite_v1_0_S00_AXI_inst/cntr/div_cnt[15]_i_1_n_0                                                      | design_1_i/dotmatrix_ip_0/inst/dotmatrix_ip_slave_lite_v1_0_S00_AXI_inst/cntr/clear_edge/AR[0]                                          |                7 |             16 |         2.29 |
|  design_1_i/clk_wiz/inst/clk_out1                                                                | design_1_i/microblaze_riscv_0/U0/riscv_core_I/Base.Core/Decode_I/jump_logic_I1/MB_MUXCY_EX_Jump2/Using_FPGA.Native_I2_2[0]                             | design_1_i/microblaze_riscv_0/U0/riscv_core_I/sync_reset                                                                                |                4 |             16 |         4.00 |
|  design_1_i/clk_wiz/inst/clk_out1                                                                | design_1_i/microblaze_riscv_0/U0/riscv_core_I/Base.Core/Use_Debug_Logic.Master_Core.Debug_Perf/E[0]                                                    | design_1_i/microblaze_riscv_0/U0/riscv_core_I/sync_reset                                                                                |                3 |             17 |         5.67 |
|  design_1_i/clk_wiz/inst/clk_out1                                                                | design_1_i/microblaze_riscv_0/U0/riscv_core_I/Base.Core/Use_Debug_Logic.Master_Core.Debug_Perf/Using_FPGA.Native[0]                                    | design_1_i/microblaze_riscv_0/U0/riscv_core_I/sync_reset                                                                                |                3 |             17 |         5.67 |
|  design_1_i/mdm_1/U0/Use_JTAG_BSCAN.BUFG_JTAG_TCK/Use_JTAG_BSCAN.tck_int                         |                                                                                                                                                        |                                                                                                                                         |                4 |             17 |         4.25 |
|  design_1_i/clk_wiz/inst/clk_out1                                                                | design_1_i/i2c_mpu_ip_0/inst/myip_i2c_mpu6_slave_lite_v1_0_S00_AXI_inst/u_i2c_mpu9250/wait_cnt[17]_i_1_n_0                                             | design_1_i/i2c_mpu_ip_0/inst/myip_i2c_mpu6_slave_lite_v1_0_S00_AXI_inst/u_i2c_mpu9250/U_master/AR[0]                                    |                4 |             18 |         4.50 |
|  design_1_i/clk_wiz/inst/clk_out1                                                                | design_1_i/microblaze_riscv_0/U0/riscv_core_I/Base.Core/Decode_I/mem_wait_on_ready_N_carry_or/MUXCY_I/lopt_1                                           | design_1_i/microblaze_riscv_0/U0/riscv_core_I/sync_reset                                                                                |                8 |             18 |         2.25 |
|  design_1_i/clk_wiz/inst/clk_out1                                                                | design_1_i/microblaze_riscv_0_axi_intc/U0/AXI_LITE_IPIF_I/I_SLAVE_ATTACHMENT/start2                                                                    | design_1_i/microblaze_riscv_0_axi_intc/U0/AXI_LITE_IPIF_I/I_SLAVE_ATTACHMENT/I_DECODER/cs_ce_clr                                        |                4 |             19 |         4.75 |
|  design_1_i/mdm_1/U0/MDM_Core_I1/JTAG_CONTROL_I/Test_Access_Port.BUFG_UPDATE/Using_FPGA.Native_0 |                                                                                                                                                        |                                                                                                                                         |               10 |             20 |         2.00 |
|  design_1_i/clk_wiz/inst/clk_out1                                                                | design_1_i/microblaze_riscv_0/U0/riscv_core_I/Base.Core/Decode_I/Use_MuxCy[11].OF_Piperun_Stage/MUXCY_I/lopt_4                                         | design_1_i/microblaze_riscv_0/U0/riscv_core_I/Base.Core/Decode_I/PreFetch_Buffer_I/INSTR_BUFFER_I1/SR[0]                                |                7 |             20 |         2.86 |
|  design_1_i/mdm_1/U0/tck_BUFG                                                                    |                                                                                                                                                        | design_1_i/mdm_1/U0/Use_E2.BSCAN_I/Use_JTAG_BSCAN.id_flag_reg                                                                           |                4 |             21 |         5.25 |
|  design_1_i/clk_wiz/inst/clk_out1                                                                |                                                                                                                                                        | design_1_i/dotmatrix_ip_0/inst/dotmatrix_ip_slave_lite_v1_0_S00_AXI_inst/cntr/clear_edge/AR[0]                                          |                7 |             23 |         3.29 |
|  design_1_i/clk_wiz/inst/clk_out1                                                                | design_1_i/microblaze_riscv_0_axi_periph/xbar/inst/gen_sasd.crossbar_sasd_0/addr_arbiter_inst/p_0_in1_in                                               | design_1_i/microblaze_riscv_0_axi_periph/xbar/inst/gen_sasd.crossbar_sasd_0/addr_arbiter_inst/SR[0]                                     |                7 |             23 |         3.29 |
|  design_1_i/clk_wiz/inst/clk_out1                                                                |                                                                                                                                                        | design_1_i/microblaze_riscv_0/U0/riscv_core_I/Base.Core/Decode_I/Use_MuxCy[13].OF_Piperun_Stage/MUXCY_I/ex_cmul_op_i                    |                8 |             27 |         3.38 |
|  design_1_i/clk_wiz/inst/clk_out1                                                                |                                                                                                                                                        | design_1_i/microblaze_riscv_0_axi_intc/U0/INTC_CORE_I/SR[0]                                                                             |                7 |             28 |         4.00 |
|  design_1_i/clk_wiz/inst/clk_out1                                                                | design_1_i/axi_uartlite_0/U0/UARTLITE_CORE_I/BAUD_RATE_I/en_16x_Baud                                                                                   | design_1_i/axi_uartlite_0/U0/UARTLITE_CORE_I/UARTLITE_RX_I/ACTIVE_LOW_PR_OUT_DFF[0].FDRE_PER_N                                          |                7 |             28 |         4.00 |
|  design_1_i/clk_wiz/inst/clk_out1                                                                | design_1_i/microblaze_riscv_0/U0/riscv_core_I/Base.Core/Decode_I/No_Short_Pipe_5.Using_FPGA.Gen_Bits[1].MEM_EX_Result_Inst/ex_Sel_CSR_i_reg[mepc][0]   | design_1_i/microblaze_riscv_0/U0/riscv_core_I/sync_reset                                                                                |               15 |             30 |         2.00 |
|  design_1_i/clk_wiz/inst/clk_out1                                                                | design_1_i/microblaze_riscv_0/U0/riscv_core_I/Base.Core/Decode_I/ex_Sel_CSR_i_reg[mtvec]_0[0]                                                          | design_1_i/microblaze_riscv_0/U0/riscv_core_I/sync_reset                                                                                |                8 |             30 |         3.75 |
|  design_1_i/clk_wiz/inst/clk_out1                                                                |                                                                                                                                                        | design_1_i/axi_uartlite_0/U0/UARTLITE_CORE_I/UARTLITE_RX_I/ACTIVE_LOW_PR_OUT_DFF[0].FDRE_PER_N                                          |               12 |             30 |         2.50 |
|  design_1_i/clk_wiz/inst/clk_out1                                                                | design_1_i/microblaze_riscv_0/U0/riscv_core_I/Base.Core/Decode_I/Use_MuxCy[11].OF_Piperun_Stage/MUXCY_I/lopt_7                                         | design_1_i/microblaze_riscv_0/U0/riscv_core_I/sync_reset                                                                                |               11 |             32 |         2.91 |
|  design_1_i/clk_wiz/inst/clk_out1                                                                | design_1_i/microblaze_riscv_0/U0/riscv_core_I/Base.Core/Decode_I/Use_MuxCy[11].OF_Piperun_Stage/MUXCY_I/lopt_4                                         |                                                                                                                                         |               12 |             32 |         2.67 |
|  design_1_i/clk_wiz/inst/clk_out1                                                                | design_1_i/microblaze_riscv_0/U0/riscv_core_I/Base.Core/Decode_I/mem_wait_on_ready_N_carry_or/MUXCY_I/lopt_1                                           | design_1_i/microblaze_riscv_0/U0/riscv_core_I/Base.Core/Data_Flow_Logic_I/WB_MEM_Result0                                                |                9 |             32 |         3.56 |
|  design_1_i/clk_wiz/inst/clk_out1                                                                | design_1_i/microblaze_riscv_0/U0/riscv_core_I/Base.Core/Decode_I/No_Short_Pipe_5.Using_FPGA.Gen_Bits[1].MEM_EX_Result_Inst/ex_Sel_CSR_i_reg[mtval][0]  | design_1_i/microblaze_riscv_0/U0/riscv_core_I/sync_reset                                                                                |               19 |             32 |         1.68 |
|  design_1_i/mdm_1/U0/MDM_Core_I1/JTAG_CONTROL_I/Test_Access_Port.BUFG_UPDATE/Using_FPGA.Native_0 | design_1_i/microblaze_riscv_0/U0/riscv_core_I/Base.Core/Use_Debug_Logic.Master_Core.Debug_Perf/data0_write_reg0                                        |                                                                                                                                         |                5 |             32 |         6.40 |
|  design_1_i/mdm_1/U0/MDM_Core_I1/JTAG_CONTROL_I/Test_Access_Port.BUFG_UPDATE/Using_FPGA.Native_0 | design_1_i/microblaze_riscv_0/U0/riscv_core_I/Base.Core/Use_Debug_Logic.Master_Core.Debug_Perf/progbuf0_reg0                                           |                                                                                                                                         |                9 |             32 |         3.56 |
|  design_1_i/clk_wiz/inst/clk_out1                                                                | design_1_i/microblaze_riscv_0/U0/riscv_core_I/Base.Core/Decode_I/ex_Sel_CSR_i_reg[dpc]_0[0]                                                            | design_1_i/microblaze_riscv_0/U0/riscv_core_I/sync_reset                                                                                |                7 |             32 |         4.57 |
|  design_1_i/clk_wiz/inst/clk_out1                                                                | design_1_i/microblaze_riscv_0/U0/riscv_core_I/Base.Core/Decode_I/ex_Sel_CSR_i_reg[mcycleh]_1[0]                                                        | design_1_i/microblaze_riscv_0/U0/riscv_core_I/sync_reset                                                                                |               16 |             32 |         2.00 |
|  design_1_i/clk_wiz/inst/clk_out1                                                                | design_1_i/microblaze_riscv_0/U0/riscv_core_I/Base.Core/Decode_I/ex_Sel_CSR_i_reg[mcycleh]_1[1]                                                        | design_1_i/microblaze_riscv_0/U0/riscv_core_I/sync_reset                                                                                |               11 |             32 |         2.91 |
|  design_1_i/clk_wiz/inst/clk_out1                                                                | design_1_i/microblaze_riscv_0/U0/riscv_core_I/Base.Core/Decode_I/ex_Sel_CSR_i_reg[minstret]_1[0]                                                       | design_1_i/microblaze_riscv_0/U0/riscv_core_I/sync_reset                                                                                |               10 |             32 |         3.20 |
|  design_1_i/clk_wiz/inst/clk_out1                                                                | design_1_i/step_counter_ip_0/inst/step_counter_ip_slave_lite_v1_0_S00_AXI_inst/cntr/cooldown_cnt                                                       | design_1_i/step_counter_ip_0/inst/step_counter_ip_slave_lite_v1_0_S00_AXI_inst/cntr/SR[0]                                               |               11 |             32 |         2.91 |
|  design_1_i/clk_wiz/inst/clk_out1                                                                | design_1_i/step_counter_ip_0/inst/step_counter_ip_slave_lite_v1_0_S00_AXI_inst/cntr/calib_cnt                                                          | design_1_i/step_counter_ip_0/inst/step_counter_ip_slave_lite_v1_0_S00_AXI_inst/cntr/SR[0]                                               |                8 |             32 |         4.00 |
|  design_1_i/clk_wiz/inst/clk_out1                                                                | design_1_i/microblaze_riscv_0/U0/riscv_core_I/Base.Core/Decode_I/ex_Sel_CSR_i_reg[minstret]_1[1]                                                       | design_1_i/microblaze_riscv_0/U0/riscv_core_I/sync_reset                                                                                |               12 |             32 |         2.67 |
|  design_1_i/clk_wiz/inst/clk_out1                                                                | design_1_i/microblaze_riscv_0/U0/riscv_core_I/Base.Core/Decode_I/ex_Sel_CSR_i_reg[mscratch]_0[0]                                                       | design_1_i/microblaze_riscv_0/U0/riscv_core_I/sync_reset                                                                                |               10 |             32 |         3.20 |
|  design_1_i/clk_wiz/inst/clk_out1                                                                | design_1_i/microblaze_riscv_0/U0/riscv_core_I/Base.Core/Decode_I/ex_Sel_CSR_i_reg[tdata2]_0[0]                                                         | design_1_i/microblaze_riscv_0/U0/riscv_core_I/sync_reset                                                                                |               10 |             32 |         3.20 |
|  design_1_i/clk_wiz/inst/clk_out1                                                                | design_1_i/microblaze_riscv_0/U0/riscv_core_I/Base.Core/Use_Debug_Logic.Master_Core.Debug_Perf/register_read_cmd                                       | design_1_i/microblaze_riscv_0/U0/riscv_core_I/sync_reset                                                                                |               16 |             32 |         2.00 |
|  design_1_i/clk_wiz/inst/clk_out1                                                                | design_1_i/microblaze_riscv_0_axi_intc/U0/INTC_CORE_I/irq                                                                                              |                                                                                                                                         |               11 |             32 |         2.91 |
|  design_1_i/clk_wiz/inst/clk_out1                                                                | design_1_i/microblaze_riscv_0_axi_periph/xbar/inst/gen_sasd.crossbar_sasd_0/addr_arbiter_inst/s_axi_rvalid[0]                                          | design_1_i/microblaze_riscv_0/U0/riscv_core_I/sync_reset                                                                                |               12 |             32 |         2.67 |
|  design_1_i/clk_wiz/inst/clk_out1                                                                | design_1_i/microblaze_riscv_0_axi_intc/U0/AXI_LITE_IPIF_I/I_SLAVE_ATTACHMENT/s_axi_rresp_i                                                             | design_1_i/microblaze_riscv_0_axi_intc/U0/AXI_LITE_IPIF_I/I_SLAVE_ATTACHMENT/rst                                                        |               10 |             33 |         3.30 |
|  design_1_i/clk_wiz/inst/clk_out1                                                                | design_1_i/microblaze_riscv_0_axi_periph/xbar/inst/gen_sasd.crossbar_sasd_0/addr_arbiter_inst/E[0]                                                     |                                                                                                                                         |               11 |             34 |         3.09 |
|  design_1_i/clk_wiz/inst/clk_out1                                                                | design_1_i/microblaze_riscv_0/U0/riscv_core_I/Base.Core/Decode_I/Use_MuxCy[3].OF_Piperun_Stage/MUXCY_I/lopt_4                                          |                                                                                                                                         |               14 |             34 |         2.43 |
|  design_1_i/mdm_1/U0/MDM_Core_I1/JTAG_CONTROL_I/Test_Access_Port.BUFG_DRCK/Using_FPGA.Native_0   | design_1_i/mdm_1/U0/MDM_Core_I1/JTAG_CONTROL_I/dmcontrol_read_2                                                                                        |                                                                                                                                         |                5 |             35 |         7.00 |
|  design_1_i/mdm_1/U0/MDM_Core_I1/JTAG_CONTROL_I/Test_Access_Port.BUFG_DRCK/Using_FPGA.Native_0   | design_1_i/mdm_1/U0/MDM_Core_I1/JTAG_CONTROL_I/Test_Access_Port.capture_dtm_reg_0                                                                      |                                                                                                                                         |               12 |             43 |         3.58 |
|  design_1_i/mdm_1/U0/MDM_Core_I1/JTAG_CONTROL_I/Test_Access_Port.BUFG_DRCK/Using_FPGA.Native_0   | design_1_i/mdm_1/U0/MDM_Core_I1/JTAG_CONTROL_I/Test_Access_Port.idcode_3                                                                               |                                                                                                                                         |                9 |             46 |         5.11 |
|  design_1_i/clk_wiz/inst/clk_out1                                                                | design_1_i/microblaze_riscv_0/U0/riscv_core_I/Base.Core/Use_Debug_Logic.Master_Core.Debug_Perf/if_missed_fetch_reg                                     |                                                                                                                                         |                6 |             48 |         8.00 |
|  design_1_i/clk_wiz/inst/clk_out1                                                                | design_1_i/i2c_mpu_ip_0/inst/myip_i2c_mpu6_slave_lite_v1_0_S00_AXI_inst/u_i2c_mpu9250/ax[15]_i_1_n_0                                                   | design_1_i/i2c_mpu_ip_0/inst/myip_i2c_mpu6_slave_lite_v1_0_S00_AXI_inst/u_i2c_mpu9250/U_master/AR[0]                                    |               19 |             48 |         2.53 |
|  design_1_i/mdm_1/U0/MDM_Core_I1/JTAG_CONTROL_I/Test_Access_Port.BUFG_DRCK/Using_FPGA.Native_0   |                                                                                                                                                        |                                                                                                                                         |               16 |             59 |         3.69 |
|  design_1_i/clk_wiz/inst/clk_out1                                                                | design_1_i/step_counter_ip_0/inst/step_counter_ip_slave_lite_v1_0_S00_AXI_inst/cntr/step_count[0]_i_1_n_0                                              | design_1_i/step_counter_ip_0/inst/step_counter_ip_slave_lite_v1_0_S00_AXI_inst/cntr/SR[0]                                               |               16 |             63 |         3.94 |
|  design_1_i/clk_wiz/inst/clk_out1                                                                | design_1_i/microblaze_riscv_0_axi_intc/U0/AXI_LITE_IPIF_I/I_SLAVE_ATTACHMENT/I_DECODER/bus2ip_wrce[0]                                                  |                                                                                                                                         |                8 |             64 |         8.00 |
|  design_1_i/clk_wiz/inst/clk_out1                                                                | design_1_i/dotmatrix_ip_0/inst/dotmatrix_ip_slave_lite_v1_0_S00_AXI_inst/cntr/max_din_i_1_n_0                                                          | design_1_i/dotmatrix_ip_0/inst/dotmatrix_ip_slave_lite_v1_0_S00_AXI_inst/cntr/clear_edge/AR[0]                                          |               34 |             70 |         2.06 |
|  design_1_i/clk_wiz/inst/clk_out1                                                                |                                                                                                                                                        | design_1_i/i2c_mpu_ip_0/inst/myip_i2c_mpu6_slave_lite_v1_0_S00_AXI_inst/u_i2c_mpu9250/U_master/AR[0]                                    |               30 |             70 |         2.33 |
|  design_1_i/clk_wiz/inst/clk_out1                                                                | design_1_i/i2c_mpu_ip_0/inst/myip_i2c_mpu6_slave_lite_v1_0_S00_AXI_inst/u_i2c_mpu9250/data_valid                                                       | design_1_i/step_counter_ip_0/inst/step_counter_ip_slave_lite_v1_0_S00_AXI_inst/cntr/SR[0]                                               |               24 |             96 |         4.00 |
|  design_1_i/clk_wiz/inst/clk_out1                                                                |                                                                                                                                                        | design_1_i/myip_rxtx_0/inst/u_axi_slave/SR[0]                                                                                           |               31 |            102 |         3.29 |
|  design_1_i/clk_wiz/inst/clk_out1                                                                | design_1_i/microblaze_riscv_0/U0/riscv_core_I/Base.Core/Decode_I/Use_MuxCy[3].OF_Piperun_Stage/MUXCY_I/lopt_4                                          | design_1_i/microblaze_riscv_0/U0/riscv_core_I/sync_reset                                                                                |               52 |            121 |         2.33 |
|  design_1_i/clk_wiz/inst/clk_out1                                                                | design_1_i/microblaze_riscv_0/U0/riscv_core_I/Base.Core/Decode_I/Serial_Dbg_Intf.register_write_cmd_reg                                                |                                                                                                                                         |               16 |            128 |         8.00 |
|  design_1_i/clk_wiz/inst/clk_out1                                                                |                                                                                                                                                        | design_1_i/microblaze_riscv_0/U0/riscv_core_I/sync_reset                                                                                |               48 |            134 |         2.79 |
|  design_1_i/clk_wiz/inst/clk_out1                                                                | design_1_i/microblaze_riscv_0/U0/riscv_core_I/Base.Core/Decode_I/Use_MuxCy[11].OF_Piperun_Stage/MUXCY_I/lopt_4                                         | design_1_i/microblaze_riscv_0/U0/riscv_core_I/sync_reset                                                                                |               65 |            163 |         2.51 |
|  design_1_i/clk_wiz/inst/clk_out1                                                                |                                                                                                                                                        |                                                                                                                                         |               92 |            251 |         2.73 |
+--------------------------------------------------------------------------------------------------+--------------------------------------------------------------------------------------------------------------------------------------------------------+-----------------------------------------------------------------------------------------------------------------------------------------+------------------+----------------+--------------+


