#-----------------------------------------------------------
# Vivado v2024.2 (64-bit)
# SW Build 5239630 on Fri Nov 08 22:34:34 MST 2024
# IP Build 5239520 on Sun Nov 10 16:12:51 MST 2024
# SharedData Build 5239561 on Fri Nov 08 14:39:27 MST 2024
# Start of session at: Mon May 18 16:09:30 2026
# Process ID         : 414788
# Current directory  : /home/user18/workspace_ondevice_2/SoC/project_all/project_all.runs/impl_1
# Command line       : vivado -log design_1_wrapper.vdi -applog -product Vivado -messageDb vivado.pb -mode batch -source design_1_wrapper.tcl -notrace
# Log file           : /home/user18/workspace_ondevice_2/SoC/project_all/project_all.runs/impl_1/design_1_wrapper.vdi
# Journal file       : /home/user18/workspace_ondevice_2/SoC/project_all/project_all.runs/impl_1/vivado.jou
# Running On         : user18-H410M-HD3P
# Platform           : Ubuntu
# Operating System   : Ubuntu 24.04.4 LTS
# Processor Detail   : Intel(R) Core(TM) i5-10400F CPU @ 2.90GHz
# CPU Frequency      : 3997.302 MHz
# CPU Physical cores : 6
# CPU Logical cores  : 12
# Host memory        : 16691 MB
# Swap memory        : 32000 MB
# Total Virtual      : 48691 MB
# Available Virtual  : 38994 MB
#-----------------------------------------------------------
source design_1_wrapper.tcl -notrace
